(Infected) ♥Peluca oO☺ : por las tetas de alfredo no mms
(Infected) ♥Peluca oO☺ : por las tetas de tu madre yisus
(Infected) ♥Peluca oO☺ : izi
SexyBoy : deli
insulini : q ricxoooooo